In file included from /home/hatch/workspace/mach3-src/kernel/ddb/db_access.c:80:
In file included from /home/hatch/workspace/mach3-src/kernel/ddb/db_access.h:60:
In file included from /home/hatch/workspace/mach3-src/kernel/ddb/db_task_thread.h:44:
In file included from /home/hatch/workspace/mach3-src/kernel/kern/thread.h:237:
/home/hatch/workspace/mach3-src/kernel/kern/ast.h:103:9: warning: 'AST_TERMINATE' macro redefined [-Wmacro-redefined]
  103 | #define AST_TERMINATE   0x2
      |         ^
/home/hatch/workspace/qaonic_os/kernel/build/inc/machine/ast.h:12:9: note: previous definition is here
   12 | #define AST_TERMINATE   2
      |         ^
1 warning generated.
In file included from /home/hatch/workspace/mach3-src/kernel/ddb/db_aout.c:106:
In file included from /home/hatch/workspace/mach3-src/kernel/mach/std_types.h:80:
In file included from /home/hatch/workspace/mach3-src/kernel/ipc/ipc_port.h:108:
In file included from /home/hatch/workspace/mach3-src/kernel/ipc/ipc_mqueue.h:69:
In file included from /home/hatch/workspace/mach3-src/kernel/ipc/ipc_thread.h:52:
In file included from /home/hatch/workspace/mach3-src/kernel/kern/thread.h:237:
/home/hatch/workspace/mach3-src/kernel/kern/ast.h:103:9: warning: 'AST_TERMINATE' macro redefined [-Wmacro-redefined]
  103 | #define AST_TERMINATE   0x2
      |         ^
/home/hatch/workspace/qaonic_os/kernel/build/inc/machine/ast.h:12:9: note: previous definition is here
   12 | #define AST_TERMINATE   2
      |         ^
1 warning generated.
In file included from /home/hatch/workspace/mach3-src/kernel/ddb/db_break.c:118:
In file included from /home/hatch/workspace/mach3-src/kernel/ddb/db_break.h:67:
In file included from /home/hatch/workspace/mach3-src/kernel/kern/thread.h:237:
/home/hatch/workspace/mach3-src/kernel/kern/ast.h:103:9: warning: 'AST_TERMINATE' macro redefined [-Wmacro-redefined]
  103 | #define AST_TERMINATE   0x2
      |         ^
/home/hatch/workspace/qaonic_os/kernel/build/inc/machine/ast.h:12:9: note: previous definition is here
   12 | #define AST_TERMINATE   2
      |         ^
1 warning generated.
In file included from /home/hatch/workspace/mach3-src/kernel/ddb/db_command.c:173:
In file included from /home/hatch/workspace/mach3-src/kernel/ddb/db_task_thread.h:44:
In file included from /home/hatch/workspace/mach3-src/kernel/kern/thread.h:237:
/home/hatch/workspace/mach3-src/kernel/kern/ast.h:103:9: warning: 'AST_TERMINATE' macro redefined [-Wmacro-redefined]
  103 | #define AST_TERMINATE   0x2
      |         ^
/home/hatch/workspace/qaonic_os/kernel/build/inc/machine/ast.h:12:9: note: previous definition is here
   12 | #define AST_TERMINATE   2
      |         ^
/home/hatch/workspace/mach3-src/kernel/ddb/db_command.c:587:21: warning: incompatible pointer types passing 'jmp_buf_t *' (aka 'unsigned int (*)[16]') to parameter of type 'unsigned int *' [-Wincompatible-pointer-types]
  587 |             (void) _setjmp(db_recover = &db_jmpbuf);
      |                            ^~~~~~~~~~~~~~~~~~~~~~~
/home/hatch/workspace/qaonic_os/kernel/build/inc/machine/setjmp.h:11:27: note: passing argument to parameter here
   11 | extern int      _setjmp(jmp_buf);
      |                                ^
2 warnings generated.
In file included from /home/hatch/workspace/mach3-src/kernel/ddb/db_cond.c:49:
In file included from /home/hatch/workspace/mach3-src/kernel/ddb/db_break.h:67:
In file included from /home/hatch/workspace/mach3-src/kernel/kern/thread.h:237:
/home/hatch/workspace/mach3-src/kernel/kern/ast.h:103:9: warning: 'AST_TERMINATE' macro redefined [-Wmacro-redefined]
  103 | #define AST_TERMINATE   0x2
      |         ^
/home/hatch/workspace/qaonic_os/kernel/build/inc/machine/ast.h:12:9: note: previous definition is here
   12 | #define AST_TERMINATE   2
      |         ^
/home/hatch/workspace/mach3-src/kernel/ddb/db_cond.c:88:14: warning: incompatible pointer types passing 'jmp_buf_t *' (aka 'unsigned int (*)[16]') to parameter of type 'unsigned int *' [-Wincompatible-pointer-types]
   88 |         if (_setjmp(db_recover = &db_jmpbuf)) {
      |                     ^~~~~~~~~~~~~~~~~~~~~~~
/home/hatch/workspace/qaonic_os/kernel/build/inc/machine/setjmp.h:11:27: note: passing argument to parameter here
   11 | extern int      _setjmp(jmp_buf);
      |                                ^
2 warnings generated.
In file included from /home/hatch/workspace/mach3-src/kernel/ddb/db_examine.c:103:
In file included from /home/hatch/workspace/mach3-src/kernel/ddb/db_access.h:60:
In file included from /home/hatch/workspace/mach3-src/kernel/ddb/db_task_thread.h:44:
In file included from /home/hatch/workspace/mach3-src/kernel/kern/thread.h:237:
/home/hatch/workspace/mach3-src/kernel/kern/ast.h:103:9: warning: 'AST_TERMINATE' macro redefined [-Wmacro-redefined]
  103 | #define AST_TERMINATE   0x2
      |         ^
/home/hatch/workspace/qaonic_os/kernel/build/inc/machine/ast.h:12:9: note: previous definition is here
   12 | #define AST_TERMINATE   2
      |         ^
/home/hatch/workspace/mach3-src/kernel/ddb/db_examine.c:410:16: warning: using the result of an assignment as a condition without parentheses [-Wparentheses]
  410 |         while (*dst++ = *src++)
      |                ~~~~~~~^~~~~~~~
/home/hatch/workspace/mach3-src/kernel/ddb/db_examine.c:410:16: note: place parentheses around the assignment to silence this warning
  410 |         while (*dst++ = *src++)
      |                       ^       
      |                (              )
/home/hatch/workspace/mach3-src/kernel/ddb/db_examine.c:410:16: note: use '==' to turn this assignment into an equality comparison
  410 |         while (*dst++ = *src++)
      |                       ^
      |                       ==
2 warnings generated.
In file included from /home/hatch/workspace/mach3-src/kernel/ddb/db_expr.c:86:
In file included from /home/hatch/workspace/mach3-src/kernel/ddb/db_access.h:60:
In file included from /home/hatch/workspace/mach3-src/kernel/ddb/db_task_thread.h:44:
In file included from /home/hatch/workspace/mach3-src/kernel/kern/thread.h:237:
/home/hatch/workspace/mach3-src/kernel/kern/ast.h:103:9: warning: 'AST_TERMINATE' macro redefined [-Wmacro-redefined]
  103 | #define AST_TERMINATE   0x2
      |         ^
/home/hatch/workspace/qaonic_os/kernel/build/inc/machine/ast.h:12:9: note: previous definition is here
   12 | #define AST_TERMINATE   2
      |         ^
1 warning generated.
In file included from /home/hatch/workspace/mach3-src/kernel/ddb/db_macro.c:52:
In file included from /home/hatch/workspace/mach3-src/kernel/kern/thread.h:237:
/home/hatch/workspace/mach3-src/kernel/kern/ast.h:103:9: warning: 'AST_TERMINATE' macro redefined [-Wmacro-redefined]
  103 | #define AST_TERMINATE   0x2
      |         ^
/home/hatch/workspace/qaonic_os/kernel/build/inc/machine/ast.h:12:9: note: previous definition is here
   12 | #define AST_TERMINATE   2
      |         ^
1 warning generated.
In file included from /home/hatch/workspace/mach3-src/kernel/ddb/db_print.c:139:
In file included from /home/hatch/workspace/mach3-src/kernel/kern/thread.h:237:
/home/hatch/workspace/mach3-src/kernel/kern/ast.h:103:9: warning: 'AST_TERMINATE' macro redefined [-Wmacro-redefined]
  103 | #define AST_TERMINATE   0x2
      |         ^
/home/hatch/workspace/qaonic_os/kernel/build/inc/machine/ast.h:12:9: note: previous definition is here
   12 | #define AST_TERMINATE   2
      |         ^
1 warning generated.
In file included from /home/hatch/workspace/mach3-src/kernel/ddb/db_run.c:128:
In file included from /home/hatch/workspace/mach3-src/kernel/ddb/db_break.h:67:
In file included from /home/hatch/workspace/mach3-src/kernel/kern/thread.h:237:
/home/hatch/workspace/mach3-src/kernel/kern/ast.h:103:9: warning: 'AST_TERMINATE' macro redefined [-Wmacro-redefined]
  103 | #define AST_TERMINATE   0x2
      |         ^
/home/hatch/workspace/qaonic_os/kernel/build/inc/machine/ast.h:12:9: note: previous definition is here
   12 | #define AST_TERMINATE   2
      |         ^
1 warning generated.
In file included from /home/hatch/workspace/mach3-src/kernel/ddb/db_sym.c:145:
In file included from /home/hatch/workspace/mach3-src/kernel/mach/std_types.h:80:
In file included from /home/hatch/workspace/mach3-src/kernel/ipc/ipc_port.h:108:
In file included from /home/hatch/workspace/mach3-src/kernel/ipc/ipc_mqueue.h:69:
In file included from /home/hatch/workspace/mach3-src/kernel/ipc/ipc_thread.h:52:
In file included from /home/hatch/workspace/mach3-src/kernel/kern/thread.h:237:
/home/hatch/workspace/mach3-src/kernel/kern/ast.h:103:9: warning: 'AST_TERMINATE' macro redefined [-Wmacro-redefined]
  103 | #define AST_TERMINATE   0x2
      |         ^
/home/hatch/workspace/qaonic_os/kernel/build/inc/machine/ast.h:12:9: note: previous definition is here
   12 | #define AST_TERMINATE   2
      |         ^
/home/hatch/workspace/mach3-src/kernel/ddb/db_sym.c:211:14: warning: using the result of an assignment as a condition without parentheses [-Wparentheses]
  211 |         while (*s++ = *symtabname++) {
      |                ~~~~~^~~~~~~~~~~~~~~
/home/hatch/workspace/mach3-src/kernel/ddb/db_sym.c:211:14: note: place parentheses around the assignment to silence this warning
  211 |         while (*s++ = *symtabname++) {
      |                     ^              
      |                (                   )
/home/hatch/workspace/mach3-src/kernel/ddb/db_sym.c:211:14: note: use '==' to turn this assignment into an equality comparison
  211 |         while (*s++ = *symtabname++) {
      |                     ^
      |                     ==
/home/hatch/workspace/mach3-src/kernel/ddb/db_sym.c:215:14: warning: using the result of an assignment as a condition without parentheses [-Wparentheses]
  215 |         while (*s++ = *symname++) {
      |                ~~~~~^~~~~~~~~~~~
/home/hatch/workspace/mach3-src/kernel/ddb/db_sym.c:215:14: note: place parentheses around the assignment to silence this warning
  215 |         while (*s++ = *symname++) {
      |                     ^           
      |                (                )
/home/hatch/workspace/mach3-src/kernel/ddb/db_sym.c:215:14: note: use '==' to turn this assignment into an equality comparison
  215 |         while (*s++ = *symname++) {
      |                     ^
      |                     ==
/home/hatch/workspace/mach3-src/kernel/ddb/db_sym.c:286:10: warning: using the result of an assignment as a condition without parentheses [-Wparentheses]
  286 |                 if (sp = X_db_lookup(&db_symtabs[i], symstr)) {
      |                     ~~~^~~~~~~~~~~~~~~~~~~~~~~~~~~~~~~~~~~~~
/home/hatch/workspace/mach3-src/kernel/ddb/db_sym.c:286:10: note: place parentheses around the assignment to silence this warning
  286 |                 if (sp = X_db_lookup(&db_symtabs[i], symstr)) {
      |                        ^                                    
      |                     (                                       )
/home/hatch/workspace/mach3-src/kernel/ddb/db_sym.c:286:10: note: use '==' to turn this assignment into an equality comparison
  286 |                 if (sp = X_db_lookup(&db_symtabs[i], symstr)) {
      |                        ^
      |                        ==
4 warnings generated.
In file included from /home/hatch/workspace/mach3-src/kernel/ddb/db_task_thread.c:50:
In file included from /home/hatch/workspace/mach3-src/kernel/ddb/db_task_thread.h:44:
In file included from /home/hatch/workspace/mach3-src/kernel/kern/thread.h:237:
/home/hatch/workspace/mach3-src/kernel/kern/ast.h:103:9: warning: 'AST_TERMINATE' macro redefined [-Wmacro-redefined]
  103 | #define AST_TERMINATE   0x2
      |         ^
/home/hatch/workspace/qaonic_os/kernel/build/inc/machine/ast.h:12:9: note: previous definition is here
   12 | #define AST_TERMINATE   2
      |         ^
1 warning generated.
In file included from /home/hatch/workspace/mach3-src/kernel/ddb/db_trap.c:93:
In file included from /home/hatch/workspace/mach3-src/kernel/ddb/db_access.h:60:
In file included from /home/hatch/workspace/mach3-src/kernel/ddb/db_task_thread.h:44:
In file included from /home/hatch/workspace/mach3-src/kernel/kern/thread.h:237:
/home/hatch/workspace/mach3-src/kernel/kern/ast.h:103:9: warning: 'AST_TERMINATE' macro redefined [-Wmacro-redefined]
  103 | #define AST_TERMINATE   0x2
      |         ^
/home/hatch/workspace/qaonic_os/kernel/build/inc/machine/ast.h:12:9: note: previous definition is here
   12 | #define AST_TERMINATE   2
      |         ^
/home/hatch/workspace/mach3-src/kernel/ddb/db_trap.c:141:18: warning: incompatible pointer types passing 'jmp_buf_t *' (aka 'unsigned int (*)[16]') to parameter of type 'unsigned int *' [-Wincompatible-pointer-types]
  141 |             if (_setjmp(db_recover = &db_jmpbuf) == 0)
      |                         ^~~~~~~~~~~~~~~~~~~~~~~
/home/hatch/workspace/qaonic_os/kernel/build/inc/machine/setjmp.h:11:27: note: passing argument to parameter here
   11 | extern int      _setjmp(jmp_buf);
      |                                ^
2 warnings generated.
In file included from /home/hatch/workspace/mach3-src/kernel/ddb/db_variables.c:79:
In file included from /home/hatch/workspace/mach3-src/kernel/ddb/db_variables.h:63:
In file included from /home/hatch/workspace/mach3-src/kernel/kern/thread.h:237:
/home/hatch/workspace/mach3-src/kernel/kern/ast.h:103:9: warning: 'AST_TERMINATE' macro redefined [-Wmacro-redefined]
  103 | #define AST_TERMINATE   0x2
      |         ^
/home/hatch/workspace/qaonic_os/kernel/build/inc/machine/ast.h:12:9: note: previous definition is here
   12 | #define AST_TERMINATE   2
      |         ^
1 warning generated.
In file included from /home/hatch/workspace/mach3-src/kernel/ddb/db_watch.c:85:
In file included from /home/hatch/workspace/mach3-src/kernel/ddb/db_access.h:60:
In file included from /home/hatch/workspace/mach3-src/kernel/ddb/db_task_thread.h:44:
In file included from /home/hatch/workspace/mach3-src/kernel/kern/thread.h:237:
/home/hatch/workspace/mach3-src/kernel/kern/ast.h:103:9: warning: 'AST_TERMINATE' macro redefined [-Wmacro-redefined]
  103 | #define AST_TERMINATE   0x2
      |         ^
/home/hatch/workspace/qaonic_os/kernel/build/inc/machine/ast.h:12:9: note: previous definition is here
   12 | #define AST_TERMINATE   2
      |         ^
1 warning generated.
In file included from /home/hatch/workspace/mach3-src/kernel/ddb/db_write_cmd.c:78:
In file included from /home/hatch/workspace/mach3-src/kernel/kern/thread.h:237:
/home/hatch/workspace/mach3-src/kernel/kern/ast.h:103:9: warning: 'AST_TERMINATE' macro redefined [-Wmacro-redefined]
  103 | #define AST_TERMINATE   0x2
      |         ^
/home/hatch/workspace/qaonic_os/kernel/build/inc/machine/ast.h:12:9: note: previous definition is here
   12 | #define AST_TERMINATE   2
      |         ^
1 warning generated.
In file included from /home/hatch/workspace/mach3-src/kernel/device/blkio.c:90:
In file included from /home/hatch/workspace/mach3-src/kernel/device/device_types.h:87:
In file included from /home/hatch/workspace/mach3-src/kernel/mach/std_types.h:80:
In file included from /home/hatch/workspace/mach3-src/kernel/ipc/ipc_port.h:108:
In file included from /home/hatch/workspace/mach3-src/kernel/ipc/ipc_mqueue.h:69:
In file included from /home/hatch/workspace/mach3-src/kernel/ipc/ipc_thread.h:52:
In file included from /home/hatch/workspace/mach3-src/kernel/kern/thread.h:237:
/home/hatch/workspace/mach3-src/kernel/kern/ast.h:103:9: warning: 'AST_TERMINATE' macro redefined [-Wmacro-redefined]
  103 | #define AST_TERMINATE   0x2
      |         ^
/home/hatch/workspace/qaonic_os/kernel/build/inc/machine/ast.h:12:9: note: previous definition is here
   12 | #define AST_TERMINATE   2
      |         ^
1 warning generated.
In file included from /home/hatch/workspace/mach3-src/kernel/device/chario.c:190:
In file included from /home/hatch/workspace/mach3-src/kernel/ipc/ipc_port.h:108:
In file included from /home/hatch/workspace/mach3-src/kernel/ipc/ipc_mqueue.h:69:
In file included from /home/hatch/workspace/mach3-src/kernel/ipc/ipc_thread.h:52:
In file included from /home/hatch/workspace/mach3-src/kernel/kern/thread.h:237:
/home/hatch/workspace/mach3-src/kernel/kern/ast.h:103:9: warning: 'AST_TERMINATE' macro redefined [-Wmacro-redefined]
  103 | #define AST_TERMINATE   0x2
      |         ^
/home/hatch/workspace/qaonic_os/kernel/build/inc/machine/ast.h:12:9: note: previous definition is here
   12 | #define AST_TERMINATE   2
      |         ^
/home/hatch/workspace/mach3-src/kernel/device/chario.c:1139:20: warning: passing 'unsigned char *' to parameter of type 'char *' converts between pointers to integer types where one is of the unique plain 'char' type and the other is not [-Wpointer-sign]
 1139 |                 count -= b_to_q( chars, count, &tp->t_inq);
      |                                  ^~~~~
/home/hatch/workspace/mach3-src/kernel/device/cirbuf.h:79:25: note: passing argument to parameter here
   79 | extern int      b_to_q(char *, int, struct cirbuf *);
      |                              ^
/home/hatch/workspace/mach3-src/kernel/device/chario.c:1219:1: warning: non-void function does not return a value [-Wreturn-type]
 1219 | }
      | ^
3 warnings generated.
In file included from /home/hatch/workspace/mach3-src/kernel/device/dev_lookup.c:101:
In file included from /home/hatch/workspace/mach3-src/kernel/device/device_types.h:87:
In file included from /home/hatch/workspace/mach3-src/kernel/mach/std_types.h:80:
In file included from /home/hatch/workspace/mach3-src/kernel/ipc/ipc_port.h:108:
In file included from /home/hatch/workspace/mach3-src/kernel/ipc/ipc_mqueue.h:69:
In file included from /home/hatch/workspace/mach3-src/kernel/ipc/ipc_thread.h:52:
In file included from /home/hatch/workspace/mach3-src/kernel/kern/thread.h:237:
/home/hatch/workspace/mach3-src/kernel/kern/ast.h:103:9: warning: 'AST_TERMINATE' macro redefined [-Wmacro-redefined]
  103 | #define AST_TERMINATE   0x2
      |         ^
/home/hatch/workspace/qaonic_os/kernel/build/inc/machine/ast.h:12:9: note: previous definition is here
   12 | #define AST_TERMINATE   2
      |         ^
1 warning generated.
In file included from /home/hatch/workspace/mach3-src/kernel/device/dev_name.c:61:
In file included from /home/hatch/workspace/mach3-src/kernel/device/device_types.h:87:
In file included from /home/hatch/workspace/mach3-src/kernel/mach/std_types.h:80:
In file included from /home/hatch/workspace/mach3-src/kernel/ipc/ipc_port.h:108:
In file included from /home/hatch/workspace/mach3-src/kernel/ipc/ipc_mqueue.h:69:
In file included from /home/hatch/workspace/mach3-src/kernel/ipc/ipc_thread.h:52:
In file included from /home/hatch/workspace/mach3-src/kernel/kern/thread.h:237:
/home/hatch/workspace/mach3-src/kernel/kern/ast.h:103:9: warning: 'AST_TERMINATE' macro redefined [-Wmacro-redefined]
  103 | #define AST_TERMINATE   0x2
      |         ^
/home/hatch/workspace/qaonic_os/kernel/build/inc/machine/ast.h:12:9: note: previous definition is here
   12 | #define AST_TERMINATE   2
      |         ^
1 warning generated.
In file included from /home/hatch/workspace/mach3-src/kernel/device/dev_pager.c:201:
In file included from /home/hatch/workspace/mach3-src/kernel/mach/std_types.h:80:
In file included from /home/hatch/workspace/mach3-src/kernel/ipc/ipc_port.h:108:
In file included from /home/hatch/workspace/mach3-src/kernel/ipc/ipc_mqueue.h:69:
In file included from /home/hatch/workspace/mach3-src/kernel/ipc/ipc_thread.h:52:
In file included from /home/hatch/workspace/mach3-src/kernel/kern/thread.h:237:
/home/hatch/workspace/mach3-src/kernel/kern/ast.h:103:9: warning: 'AST_TERMINATE' macro redefined [-Wmacro-redefined]
  103 | #define AST_TERMINATE   0x2
      |         ^
/home/hatch/workspace/qaonic_os/kernel/build/inc/machine/ast.h:12:9: note: previous definition is here
   12 | #define AST_TERMINATE   2
      |         ^
/home/hatch/workspace/mach3-src/kernel/device/dev_pager.c:728:1: warning: non-void function does not return a value [-Wreturn-type]
  728 | }
      | ^
/home/hatch/workspace/mach3-src/kernel/device/dev_pager.c:740:1: warning: non-void function does not return a value [-Wreturn-type]
  740 | }
      | ^
/home/hatch/workspace/mach3-src/kernel/device/dev_pager.c:753:1: warning: non-void function does not return a value [-Wreturn-type]
  753 | }
      | ^
/home/hatch/workspace/mach3-src/kernel/device/dev_pager.c:762:1: warning: non-void function does not return a value [-Wreturn-type]
  762 | }
      | ^
5 warnings generated.
In file included from /home/hatch/workspace/mach3-src/kernel/device/device_init.c:87:
In file included from /home/hatch/workspace/mach3-src/kernel/ipc/ipc_port.h:108:
In file included from /home/hatch/workspace/mach3-src/kernel/ipc/ipc_mqueue.h:69:
In file included from /home/hatch/workspace/mach3-src/kernel/ipc/ipc_thread.h:52:
In file included from /home/hatch/workspace/mach3-src/kernel/kern/thread.h:237:
/home/hatch/workspace/mach3-src/kernel/kern/ast.h:103:9: warning: 'AST_TERMINATE' macro redefined [-Wmacro-redefined]
  103 | #define AST_TERMINATE   0x2
      |         ^
/home/hatch/workspace/qaonic_os/kernel/build/inc/machine/ast.h:12:9: note: previous definition is here
   12 | #define AST_TERMINATE   2
      |         ^
1 warning generated.
In file included from /home/hatch/workspace/mach3-src/kernel/device/dk_label.c:43:
In file included from /home/hatch/workspace/mach3-src/kernel/device/device_types.h:87:
In file included from /home/hatch/workspace/mach3-src/kernel/mach/std_types.h:80:
In file included from /home/hatch/workspace/mach3-src/kernel/ipc/ipc_port.h:108:
In file included from /home/hatch/workspace/mach3-src/kernel/ipc/ipc_mqueue.h:69:
In file included from /home/hatch/workspace/mach3-src/kernel/ipc/ipc_thread.h:52:
In file included from /home/hatch/workspace/mach3-src/kernel/kern/thread.h:237:
/home/hatch/workspace/mach3-src/kernel/kern/ast.h:103:9: warning: 'AST_TERMINATE' macro redefined [-Wmacro-redefined]
  103 | #define AST_TERMINATE   0x2
      |         ^
/home/hatch/workspace/qaonic_os/kernel/build/inc/machine/ast.h:12:9: note: previous definition is here
   12 | #define AST_TERMINATE   2
      |         ^
/home/hatch/workspace/mach3-src/kernel/device/dk_label.c:88:1: warning: non-void function does not return a value [-Wreturn-type]
   88 | }
      | ^
/home/hatch/workspace/mach3-src/kernel/device/dk_label.c:106:1: warning: non-void function does not return a value [-Wreturn-type]
  106 | }
      | ^
3 warnings generated.
In file included from /home/hatch/workspace/mach3-src/kernel/device/ds_routines.c:266:
In file included from /home/hatch/workspace/mach3-src/kernel/ipc/ipc_port.h:108:
In file included from /home/hatch/workspace/mach3-src/kernel/ipc/ipc_mqueue.h:69:
In file included from /home/hatch/workspace/mach3-src/kernel/ipc/ipc_thread.h:52:
In file included from /home/hatch/workspace/mach3-src/kernel/kern/thread.h:237:
/home/hatch/workspace/mach3-src/kernel/kern/ast.h:103:9: warning: 'AST_TERMINATE' macro redefined [-Wmacro-redefined]
  103 | #define AST_TERMINATE   0x2
      |         ^
/home/hatch/workspace/qaonic_os/kernel/build/inc/machine/ast.h:12:9: note: previous definition is here
   12 | #define AST_TERMINATE   2
      |         ^
1 warning generated.
In file included from /home/hatch/workspace/mach3-src/kernel/device/net_io.c:193:
In file included from /home/hatch/workspace/mach3-src/kernel/device/net_status.h:81:
In file included from /home/hatch/workspace/mach3-src/kernel/device/device_types.h:87:
In file included from /home/hatch/workspace/mach3-src/kernel/mach/std_types.h:80:
In file included from /home/hatch/workspace/mach3-src/kernel/ipc/ipc_port.h:108:
In file included from /home/hatch/workspace/mach3-src/kernel/ipc/ipc_mqueue.h:69:
In file included from /home/hatch/workspace/mach3-src/kernel/ipc/ipc_thread.h:52:
In file included from /home/hatch/workspace/mach3-src/kernel/kern/thread.h:237:
/home/hatch/workspace/mach3-src/kernel/kern/ast.h:103:9: warning: 'AST_TERMINATE' macro redefined [-Wmacro-redefined]
  103 | #define AST_TERMINATE   0x2
      |         ^
/home/hatch/workspace/qaonic_os/kernel/build/inc/machine/ast.h:12:9: note: previous definition is here
   12 | #define AST_TERMINATE   2
      |         ^
/home/hatch/workspace/mach3-src/kernel/device/net_io.c:1396:22: warning: expression which evaluates to zero treated as a null pointer constant of type 'ipc_port_t' (aka 'struct ipc_port *') [-Wnon-literal-null-conversion]
 1396 |         my_infp->rcv_port = MACH_PORT_NULL;     /* indication of dummy */
      |                             ^~~~~~~~~~~~~~
/home/hatch/workspace/mach3-src/kernel/mach/port.h:111:25: note: expanded from macro 'MACH_PORT_NULL'
  111 | #define MACH_PORT_NULL          ((mach_port_t) 0)
      |                                 ^~~~~~~~~~~~~~~~~
/home/hatch/workspace/mach3-src/kernel/device/net_io.c:2225:1: warning: non-void function does not return a value [-Wreturn-type]
 2225 | }
      | ^
/home/hatch/workspace/mach3-src/kernel/device/net_io.c:2247:1: warning: non-void function does not return a value [-Wreturn-type]
 2247 | }
      | ^
/home/hatch/workspace/mach3-src/kernel/device/net_io.c:2269:1: warning: non-void function does not return a value [-Wreturn-type]
 2269 | }
      | ^
5 warnings generated.
In file included from /home/hatch/workspace/mach3-src/kernel/device/subrs.c:96:
In file included from /home/hatch/workspace/mach3-src/kernel/device/buf.h:51:
In file included from /home/hatch/workspace/mach3-src/kernel/device/io_req.h:119:
In file included from /home/hatch/workspace/mach3-src/kernel/device/device_types.h:87:
In file included from /home/hatch/workspace/mach3-src/kernel/mach/std_types.h:80:
In file included from /home/hatch/workspace/mach3-src/kernel/ipc/ipc_port.h:108:
In file included from /home/hatch/workspace/mach3-src/kernel/ipc/ipc_mqueue.h:69:
In file included from /home/hatch/workspace/mach3-src/kernel/ipc/ipc_thread.h:52:
In file included from /home/hatch/workspace/mach3-src/kernel/kern/thread.h:237:
/home/hatch/workspace/mach3-src/kernel/kern/ast.h:103:9: warning: 'AST_TERMINATE' macro redefined [-Wmacro-redefined]
  103 | #define AST_TERMINATE   0x2
      |         ^
/home/hatch/workspace/qaonic_os/kernel/build/inc/machine/ast.h:12:9: note: previous definition is here
   12 | #define AST_TERMINATE   2
      |         ^
1 warning generated.
In file included from /home/hatch/workspace/mach3-src/kernel/ipc/ipc_entry.c:84:
In file included from /home/hatch/workspace/mach3-src/kernel/ipc/ipc_entry.h:66:
In file included from /home/hatch/workspace/mach3-src/kernel/ipc/ipc_port.h:108:
In file included from /home/hatch/workspace/mach3-src/kernel/ipc/ipc_mqueue.h:69:
In file included from /home/hatch/workspace/mach3-src/kernel/ipc/ipc_thread.h:52:
In file included from /home/hatch/workspace/mach3-src/kernel/kern/thread.h:237:
/home/hatch/workspace/mach3-src/kernel/kern/ast.h:103:9: warning: 'AST_TERMINATE' macro redefined [-Wmacro-redefined]
  103 | #define AST_TERMINATE   0x2
      |         ^
/home/hatch/workspace/qaonic_os/kernel/build/inc/machine/ast.h:12:9: note: previous definition is here
   12 | #define AST_TERMINATE   2
      |         ^
1 warning generated.
In file included from /home/hatch/workspace/mach3-src/kernel/ipc/ipc_hash.c:74:
In file included from /home/hatch/workspace/mach3-src/kernel/ipc/ipc_space.h:72:
In file included from /home/hatch/workspace/mach3-src/kernel/ipc/ipc_entry.h:66:
In file included from /home/hatch/workspace/mach3-src/kernel/ipc/ipc_port.h:108:
In file included from /home/hatch/workspace/mach3-src/kernel/ipc/ipc_mqueue.h:69:
In file included from /home/hatch/workspace/mach3-src/kernel/ipc/ipc_thread.h:52:
In file included from /home/hatch/workspace/mach3-src/kernel/kern/thread.h:237:
/home/hatch/workspace/mach3-src/kernel/kern/ast.h:103:9: warning: 'AST_TERMINATE' macro redefined [-Wmacro-redefined]
  103 | #define AST_TERMINATE   0x2
      |         ^
/home/hatch/workspace/qaonic_os/kernel/build/inc/machine/ast.h:12:9: note: previous definition is here
   12 | #define AST_TERMINATE   2
      |         ^
1 warning generated.
In file included from /home/hatch/workspace/mach3-src/kernel/ipc/ipc_init.c:95:
In file included from /home/hatch/workspace/mach3-src/kernel/ipc/ipc_entry.h:66:
In file included from /home/hatch/workspace/mach3-src/kernel/ipc/ipc_port.h:108:
In file included from /home/hatch/workspace/mach3-src/kernel/ipc/ipc_mqueue.h:69:
In file included from /home/hatch/workspace/mach3-src/kernel/ipc/ipc_thread.h:52:
In file included from /home/hatch/workspace/mach3-src/kernel/kern/thread.h:237:
/home/hatch/workspace/mach3-src/kernel/kern/ast.h:103:9: warning: 'AST_TERMINATE' macro redefined [-Wmacro-redefined]
  103 | #define AST_TERMINATE   0x2
      |         ^
/home/hatch/workspace/qaonic_os/kernel/build/inc/machine/ast.h:12:9: note: previous definition is here
   12 | #define AST_TERMINATE   2
      |         ^
1 warning generated.
In file included from /home/hatch/workspace/mach3-src/kernel/ipc/ipc_kmsg.c:250:
In file included from /home/hatch/workspace/mach3-src/kernel/ipc/ipc_entry.h:66:
In file included from /home/hatch/workspace/mach3-src/kernel/ipc/ipc_port.h:108:
In file included from /home/hatch/workspace/mach3-src/kernel/ipc/ipc_mqueue.h:69:
In file included from /home/hatch/workspace/mach3-src/kernel/ipc/ipc_thread.h:52:
In file included from /home/hatch/workspace/mach3-src/kernel/kern/thread.h:237:
/home/hatch/workspace/mach3-src/kernel/kern/ast.h:103:9: warning: 'AST_TERMINATE' macro redefined [-Wmacro-redefined]
  103 | #define AST_TERMINATE   0x2
      |         ^
/home/hatch/workspace/qaonic_os/kernel/build/inc/machine/ast.h:12:9: note: previous definition is here
   12 | #define AST_TERMINATE   2
      |         ^
1 warning generated.
In file included from /home/hatch/workspace/mach3-src/kernel/ipc/ipc_marequest.c:86:
In file included from /home/hatch/workspace/mach3-src/kernel/ipc/ipc_space.h:72:
In file included from /home/hatch/workspace/mach3-src/kernel/ipc/ipc_entry.h:66:
In file included from /home/hatch/workspace/mach3-src/kernel/ipc/ipc_port.h:108:
In file included from /home/hatch/workspace/mach3-src/kernel/ipc/ipc_mqueue.h:69:
In file included from /home/hatch/workspace/mach3-src/kernel/ipc/ipc_thread.h:52:
In file included from /home/hatch/workspace/mach3-src/kernel/kern/thread.h:237:
/home/hatch/workspace/mach3-src/kernel/kern/ast.h:103:9: warning: 'AST_TERMINATE' macro redefined [-Wmacro-redefined]
  103 | #define AST_TERMINATE   0x2
      |         ^
/home/hatch/workspace/qaonic_os/kernel/build/inc/machine/ast.h:12:9: note: previous definition is here
   12 | #define AST_TERMINATE   2
      |         ^
1 warning generated.
In file included from /home/hatch/workspace/mach3-src/kernel/ipc/ipc_mqueue.c:147:
In file included from /home/hatch/workspace/mach3-src/kernel/ipc/ipc_mqueue.h:69:
In file included from /home/hatch/workspace/mach3-src/kernel/ipc/ipc_thread.h:52:
In file included from /home/hatch/workspace/mach3-src/kernel/kern/thread.h:237:
/home/hatch/workspace/mach3-src/kernel/kern/ast.h:103:9: warning: 'AST_TERMINATE' macro redefined [-Wmacro-redefined]
  103 | #define AST_TERMINATE   0x2
      |         ^
/home/hatch/workspace/qaonic_os/kernel/build/inc/machine/ast.h:12:9: note: previous definition is here
   12 | #define AST_TERMINATE   2
      |         ^
1 warning generated.
In file included from /home/hatch/workspace/mach3-src/kernel/ipc/ipc_notify.c:78:
In file included from /home/hatch/workspace/mach3-src/kernel/ipc/ipc_mqueue.h:69:
In file included from /home/hatch/workspace/mach3-src/kernel/ipc/ipc_thread.h:52:
In file included from /home/hatch/workspace/mach3-src/kernel/kern/thread.h:237:
/home/hatch/workspace/mach3-src/kernel/kern/ast.h:103:9: warning: 'AST_TERMINATE' macro redefined [-Wmacro-redefined]
  103 | #define AST_TERMINATE   0x2
      |         ^
/home/hatch/workspace/qaonic_os/kernel/build/inc/machine/ast.h:12:9: note: previous definition is here
   12 | #define AST_TERMINATE   2
      |         ^
1 warning generated.
In file included from /home/hatch/workspace/mach3-src/kernel/ipc/ipc_object.c:78:
In file included from /home/hatch/workspace/mach3-src/kernel/ipc/ipc_space.h:72:
In file included from /home/hatch/workspace/mach3-src/kernel/ipc/ipc_entry.h:66:
In file included from /home/hatch/workspace/mach3-src/kernel/ipc/ipc_port.h:108:
In file included from /home/hatch/workspace/mach3-src/kernel/ipc/ipc_mqueue.h:69:
In file included from /home/hatch/workspace/mach3-src/kernel/ipc/ipc_thread.h:52:
In file included from /home/hatch/workspace/mach3-src/kernel/kern/thread.h:237:
/home/hatch/workspace/mach3-src/kernel/kern/ast.h:103:9: warning: 'AST_TERMINATE' macro redefined [-Wmacro-redefined]
  103 | #define AST_TERMINATE   0x2
      |         ^
/home/hatch/workspace/qaonic_os/kernel/build/inc/machine/ast.h:12:9: note: previous definition is here
   12 | #define AST_TERMINATE   2
      |         ^
1 warning generated.
In file included from /home/hatch/workspace/mach3-src/kernel/ipc/ipc_port.c:120:
In file included from /home/hatch/workspace/mach3-src/kernel/ipc/ipc_entry.h:66:
In file included from /home/hatch/workspace/mach3-src/kernel/ipc/ipc_port.h:108:
In file included from /home/hatch/workspace/mach3-src/kernel/ipc/ipc_mqueue.h:69:
In file included from /home/hatch/workspace/mach3-src/kernel/ipc/ipc_thread.h:52:
In file included from /home/hatch/workspace/mach3-src/kernel/kern/thread.h:237:
/home/hatch/workspace/mach3-src/kernel/kern/ast.h:103:9: warning: 'AST_TERMINATE' macro redefined [-Wmacro-redefined]
  103 | #define AST_TERMINATE   0x2
      |         ^
/home/hatch/workspace/qaonic_os/kernel/build/inc/machine/ast.h:12:9: note: previous definition is here
   12 | #define AST_TERMINATE   2
      |         ^
1 warning generated.
In file included from /home/hatch/workspace/mach3-src/kernel/ipc/ipc_pset.c:64:
In file included from /home/hatch/workspace/mach3-src/kernel/ipc/ipc_mqueue.h:69:
In file included from /home/hatch/workspace/mach3-src/kernel/ipc/ipc_thread.h:52:
In file included from /home/hatch/workspace/mach3-src/kernel/kern/thread.h:237:
/home/hatch/workspace/mach3-src/kernel/kern/ast.h:103:9: warning: 'AST_TERMINATE' macro redefined [-Wmacro-redefined]
  103 | #define AST_TERMINATE   0x2
      |         ^
/home/hatch/workspace/qaonic_os/kernel/build/inc/machine/ast.h:12:9: note: previous definition is here
   12 | #define AST_TERMINATE   2
      |         ^
1 warning generated.
In file included from /home/hatch/workspace/mach3-src/kernel/ipc/ipc_right.c:76:
In file included from /home/hatch/workspace/mach3-src/kernel/ipc/ipc_entry.h:66:
In file included from /home/hatch/workspace/mach3-src/kernel/ipc/ipc_port.h:108:
In file included from /home/hatch/workspace/mach3-src/kernel/ipc/ipc_mqueue.h:69:
In file included from /home/hatch/workspace/mach3-src/kernel/ipc/ipc_thread.h:52:
In file included from /home/hatch/workspace/mach3-src/kernel/kern/thread.h:237:
/home/hatch/workspace/mach3-src/kernel/kern/ast.h:103:9: warning: 'AST_TERMINATE' macro redefined [-Wmacro-redefined]
  103 | #define AST_TERMINATE   0x2
      |         ^
/home/hatch/workspace/qaonic_os/kernel/build/inc/machine/ast.h:12:9: note: previous definition is here
   12 | #define AST_TERMINATE   2
      |         ^
1 warning generated.
In file included from /home/hatch/workspace/mach3-src/kernel/ipc/ipc_space.c:96:
In file included from /home/hatch/workspace/mach3-src/kernel/ipc/ipc_entry.h:66:
In file included from /home/hatch/workspace/mach3-src/kernel/ipc/ipc_port.h:108:
In file included from /home/hatch/workspace/mach3-src/kernel/ipc/ipc_mqueue.h:69:
In file included from /home/hatch/workspace/mach3-src/kernel/ipc/ipc_thread.h:52:
In file included from /home/hatch/workspace/mach3-src/kernel/kern/thread.h:237:
/home/hatch/workspace/mach3-src/kernel/kern/ast.h:103:9: warning: 'AST_TERMINATE' macro redefined [-Wmacro-redefined]
  103 | #define AST_TERMINATE   0x2
      |         ^
/home/hatch/workspace/qaonic_os/kernel/build/inc/machine/ast.h:12:9: note: previous definition is here
   12 | #define AST_TERMINATE   2
      |         ^
1 warning generated.
In file included from /home/hatch/workspace/mach3-src/kernel/ipc/ipc_splay.c:67:
In file included from /home/hatch/workspace/mach3-src/kernel/ipc/ipc_entry.h:66:
In file included from /home/hatch/workspace/mach3-src/kernel/ipc/ipc_port.h:108:
In file included from /home/hatch/workspace/mach3-src/kernel/ipc/ipc_mqueue.h:69:
In file included from /home/hatch/workspace/mach3-src/kernel/ipc/ipc_thread.h:52:
In file included from /home/hatch/workspace/mach3-src/kernel/kern/thread.h:237:
/home/hatch/workspace/mach3-src/kernel/kern/ast.h:103:9: warning: 'AST_TERMINATE' macro redefined [-Wmacro-redefined]
  103 | #define AST_TERMINATE   0x2
      |         ^
/home/hatch/workspace/qaonic_os/kernel/build/inc/machine/ast.h:12:9: note: previous definition is here
   12 | #define AST_TERMINATE   2
      |         ^
1 warning generated.
In file included from /home/hatch/workspace/mach3-src/kernel/ipc/ipc_table.c:73:
In file included from /home/hatch/workspace/mach3-src/kernel/ipc/ipc_port.h:108:
In file included from /home/hatch/workspace/mach3-src/kernel/ipc/ipc_mqueue.h:69:
In file included from /home/hatch/workspace/mach3-src/kernel/ipc/ipc_thread.h:52:
In file included from /home/hatch/workspace/mach3-src/kernel/kern/thread.h:237:
/home/hatch/workspace/mach3-src/kernel/kern/ast.h:103:9: warning: 'AST_TERMINATE' macro redefined [-Wmacro-redefined]
  103 | #define AST_TERMINATE   0x2
      |         ^
/home/hatch/workspace/qaonic_os/kernel/build/inc/machine/ast.h:12:9: note: previous definition is here
   12 | #define AST_TERMINATE   2
      |         ^
1 warning generated.
In file included from /home/hatch/workspace/mach3-src/kernel/ipc/ipc_thread.c:57:
In file included from /home/hatch/workspace/mach3-src/kernel/ipc/ipc_thread.h:52:
In file included from /home/hatch/workspace/mach3-src/kernel/kern/thread.h:237:
/home/hatch/workspace/mach3-src/kernel/kern/ast.h:103:9: warning: 'AST_TERMINATE' macro redefined [-Wmacro-redefined]
  103 | #define AST_TERMINATE   0x2
      |         ^
/home/hatch/workspace/qaonic_os/kernel/build/inc/machine/ast.h:12:9: note: previous definition is here
   12 | #define AST_TERMINATE   2
      |         ^
1 warning generated.
In file included from /home/hatch/workspace/mach3-src/kernel/ipc/mach_msg.c:159:
In file included from /home/hatch/workspace/mach3-src/kernel/ipc/ipc_mqueue.h:69:
In file included from /home/hatch/workspace/mach3-src/kernel/ipc/ipc_thread.h:52:
In file included from /home/hatch/workspace/mach3-src/kernel/kern/thread.h:237:
/home/hatch/workspace/mach3-src/kernel/kern/ast.h:103:9: warning: 'AST_TERMINATE' macro redefined [-Wmacro-redefined]
  103 | #define AST_TERMINATE   0x2
      |         ^
/home/hatch/workspace/qaonic_os/kernel/build/inc/machine/ast.h:12:9: note: previous definition is here
   12 | #define AST_TERMINATE   2
      |         ^
1 warning generated.
In file included from /home/hatch/workspace/mach3-src/kernel/ipc/mach_port.c:87:
In file included from /home/hatch/workspace/mach3-src/kernel/ipc/ipc_entry.h:66:
In file included from /home/hatch/workspace/mach3-src/kernel/ipc/ipc_port.h:108:
In file included from /home/hatch/workspace/mach3-src/kernel/ipc/ipc_mqueue.h:69:
In file included from /home/hatch/workspace/mach3-src/kernel/ipc/ipc_thread.h:52:
In file included from /home/hatch/workspace/mach3-src/kernel/kern/thread.h:237:
/home/hatch/workspace/mach3-src/kernel/kern/ast.h:103:9: warning: 'AST_TERMINATE' macro redefined [-Wmacro-redefined]
  103 | #define AST_TERMINATE   0x2
      |         ^
/home/hatch/workspace/qaonic_os/kernel/build/inc/machine/ast.h:12:9: note: previous definition is here
   12 | #define AST_TERMINATE   2
      |         ^
1 warning generated.
In file included from /home/hatch/workspace/mach3-src/kernel/kern/ast.c:135:
/home/hatch/workspace/mach3-src/kernel/kern/ast.h:103:9: warning: 'AST_TERMINATE' macro redefined [-Wmacro-redefined]
  103 | #define AST_TERMINATE   0x2
      |         ^
/home/hatch/workspace/qaonic_os/kernel/build/inc/machine/ast.h:12:9: note: previous definition is here
   12 | #define AST_TERMINATE   2
      |         ^
1 warning generated.
In file included from /home/hatch/workspace/qaonic_os/kernel/mi-overrides/kern/bootstrap.c:198:
In file included from /home/hatch/workspace/mach3-src/kernel/ipc/ipc_port.h:108:
In file included from /home/hatch/workspace/mach3-src/kernel/ipc/ipc_mqueue.h:69:
In file included from /home/hatch/workspace/mach3-src/kernel/ipc/ipc_thread.h:52:
In file included from /home/hatch/workspace/mach3-src/kernel/kern/thread.h:237:
/home/hatch/workspace/mach3-src/kernel/kern/ast.h:103:9: warning: 'AST_TERMINATE' macro redefined [-Wmacro-redefined]
  103 | #define AST_TERMINATE   0x2
      |         ^
/home/hatch/workspace/qaonic_os/kernel/build/inc/machine/ast.h:12:9: note: previous definition is here
   12 | #define AST_TERMINATE   2
      |         ^
1 warning generated.
In file included from /home/hatch/workspace/qaonic_os/kernel/mi-overrides/kern/debug.c:130:
In file included from /home/hatch/workspace/mach3-src/kernel/kern/thread.h:237:
/home/hatch/workspace/mach3-src/kernel/kern/ast.h:103:9: warning: 'AST_TERMINATE' macro redefined [-Wmacro-redefined]
  103 | #define AST_TERMINATE   0x2
      |         ^
/home/hatch/workspace/qaonic_os/kernel/build/inc/machine/ast.h:12:9: note: previous definition is here
   12 | #define AST_TERMINATE   2
      |         ^
/home/hatch/workspace/qaonic_os/kernel/mi-overrides/kern/debug.c:200:15: warning: assigning to 'char *' from 'const char *' discards qualifiers [-Wincompatible-pointer-types-discards-qualifiers]
  200 |             panicstr = s;
      |                      ^ ~
2 warnings generated.
In file included from /home/hatch/workspace/mach3-src/kernel/kern/eventcount.c:94:
/home/hatch/workspace/mach3-src/kernel/kern/ast.h:103:9: warning: 'AST_TERMINATE' macro redefined [-Wmacro-redefined]
  103 | #define AST_TERMINATE   0x2
      |         ^
/home/hatch/workspace/qaonic_os/kernel/build/inc/machine/ast.h:12:9: note: previous definition is here
   12 | #define AST_TERMINATE   2
      |         ^
/home/hatch/workspace/mach3-src/kernel/kern/eventcount.c:281:1: warning: non-void function does not return a value in all control paths [-Wreturn-type]
  281 | }
      | ^
2 warnings generated.
In file included from /home/hatch/workspace/mach3-src/kernel/kern/exception.c:138:
In file included from /home/hatch/workspace/mach3-src/kernel/ipc/ipc_entry.h:66:
In file included from /home/hatch/workspace/mach3-src/kernel/ipc/ipc_port.h:108:
In file included from /home/hatch/workspace/mach3-src/kernel/ipc/ipc_mqueue.h:69:
In file included from /home/hatch/workspace/mach3-src/kernel/ipc/ipc_thread.h:52:
In file included from /home/hatch/workspace/mach3-src/kernel/kern/thread.h:237:
/home/hatch/workspace/mach3-src/kernel/kern/ast.h:103:9: warning: 'AST_TERMINATE' macro redefined [-Wmacro-redefined]
  103 | #define AST_TERMINATE   0x2
      |         ^
/home/hatch/workspace/qaonic_os/kernel/build/inc/machine/ast.h:12:9: note: previous definition is here
   12 | #define AST_TERMINATE   2
      |         ^
1 warning generated.
In file included from /home/hatch/workspace/mach3-src/kernel/kern/ipc_host.c:139:
In file included from /home/hatch/workspace/mach3-src/kernel/kern/thread.h:237:
/home/hatch/workspace/mach3-src/kernel/kern/ast.h:103:9: warning: 'AST_TERMINATE' macro redefined [-Wmacro-redefined]
  103 | #define AST_TERMINATE   0x2
      |         ^
/home/hatch/workspace/qaonic_os/kernel/build/inc/machine/ast.h:12:9: note: previous definition is here
   12 | #define AST_TERMINATE   2
      |         ^
1 warning generated.
In file included from /home/hatch/workspace/mach3-src/kernel/kern/ipc_kobject.c:112:
In file included from /home/hatch/workspace/mach3-src/kernel/ipc/ipc_port.h:108:
In file included from /home/hatch/workspace/mach3-src/kernel/ipc/ipc_mqueue.h:69:
In file included from /home/hatch/workspace/mach3-src/kernel/ipc/ipc_thread.h:52:
In file included from /home/hatch/workspace/mach3-src/kernel/kern/thread.h:237:
/home/hatch/workspace/mach3-src/kernel/kern/ast.h:103:9: warning: 'AST_TERMINATE' macro redefined [-Wmacro-redefined]
  103 | #define AST_TERMINATE   0x2
      |         ^
/home/hatch/workspace/qaonic_os/kernel/build/inc/machine/ast.h:12:9: note: previous definition is here
   12 | #define AST_TERMINATE   2
      |         ^
1 warning generated.
In file included from /home/hatch/workspace/mach3-src/kernel/kern/ipc_mig.c:152:
/home/hatch/workspace/mach3-src/kernel/kern/ast.h:103:9: warning: 'AST_TERMINATE' macro redefined [-Wmacro-redefined]
  103 | #define AST_TERMINATE   0x2
      |         ^
/home/hatch/workspace/qaonic_os/kernel/build/inc/machine/ast.h:12:9: note: previous definition is here
   12 | #define AST_TERMINATE   2
      |         ^
1 warning generated.
In file included from /home/hatch/workspace/mach3-src/kernel/kern/ipc_sched.c:121:
In file included from /home/hatch/workspace/mach3-src/kernel/kern/thread.h:237:
/home/hatch/workspace/mach3-src/kernel/kern/ast.h:103:9: warning: 'AST_TERMINATE' macro redefined [-Wmacro-redefined]
  103 | #define AST_TERMINATE   0x2
      |         ^
/home/hatch/workspace/qaonic_os/kernel/build/inc/machine/ast.h:12:9: note: previous definition is here
   12 | #define AST_TERMINATE   2
      |         ^
1 warning generated.
In file included from /home/hatch/workspace/mach3-src/kernel/kern/ipc_tt.c:101:
In file included from /home/hatch/workspace/mach3-src/kernel/kern/thread.h:237:
/home/hatch/workspace/mach3-src/kernel/kern/ast.h:103:9: warning: 'AST_TERMINATE' macro redefined [-Wmacro-redefined]
  103 | #define AST_TERMINATE   0x2
      |         ^
/home/hatch/workspace/qaonic_os/kernel/build/inc/machine/ast.h:12:9: note: previous definition is here
   12 | #define AST_TERMINATE   2
      |         ^
1 warning generated.
In file included from /home/hatch/workspace/mach3-src/kernel/kern/lock.c:105:
In file included from /home/hatch/workspace/mach3-src/kernel/kern/thread.h:237:
/home/hatch/workspace/mach3-src/kernel/kern/ast.h:103:9: warning: 'AST_TERMINATE' macro redefined [-Wmacro-redefined]
  103 | #define AST_TERMINATE   0x2
      |         ^
/home/hatch/workspace/qaonic_os/kernel/build/inc/machine/ast.h:12:9: note: previous definition is here
   12 | #define AST_TERMINATE   2
      |         ^
1 warning generated.
In file included from /home/hatch/workspace/mach3-src/kernel/kern/mach_clock.c:179:
In file included from /home/hatch/workspace/mach3-src/kernel/kern/thread.h:237:
/home/hatch/workspace/mach3-src/kernel/kern/ast.h:103:9: warning: 'AST_TERMINATE' macro redefined [-Wmacro-redefined]
  103 | #define AST_TERMINATE   0x2
      |         ^
/home/hatch/workspace/qaonic_os/kernel/build/inc/machine/ast.h:12:9: note: previous definition is here
   12 | #define AST_TERMINATE   2
      |         ^
1 warning generated.
In file included from /home/hatch/workspace/mach3-src/kernel/kern/machine.c:157:
In file included from /home/hatch/workspace/mach3-src/kernel/mach/mach_types.h:170:
In file included from /home/hatch/workspace/mach3-src/kernel/kern/thread.h:237:
/home/hatch/workspace/mach3-src/kernel/kern/ast.h:103:9: warning: 'AST_TERMINATE' macro redefined [-Wmacro-redefined]
  103 | #define AST_TERMINATE   0x2
      |         ^
/home/hatch/workspace/qaonic_os/kernel/build/inc/machine/ast.h:12:9: note: previous definition is here
   12 | #define AST_TERMINATE   2
      |         ^
1 warning generated.
/home/hatch/workspace/qaonic_os/kernel/mi-overrides/kern/printf.c:370:16: warning: using the result of an assignment as a condition without parentheses [-Wparentheses]
  370 |                     while (i = *p++) {
      |                            ~~^~~~~~
/home/hatch/workspace/qaonic_os/kernel/mi-overrides/kern/printf.c:370:16: note: place parentheses around the assignment to silence this warning
  370 |                     while (i = *p++) {
      |                              ^     
      |                            (       )
/home/hatch/workspace/qaonic_os/kernel/mi-overrides/kern/printf.c:370:16: note: use '==' to turn this assignment into an equality comparison
  370 |                     while (i = *p++) {
      |                              ^
      |                              ==
/home/hatch/workspace/qaonic_os/kernel/mi-overrides/kern/printf.c:594:10: warning: passing 'const char *' to parameter of type 'char *' discards qualifiers [-Wincompatible-pointer-types-discards-qualifiers]
  594 |         _doprnt(fmt, &listp, cnputc, 16, 0);
      |                 ^~~
/home/hatch/workspace/qaonic_os/kernel/mi-overrides/kern/printf.c:243:17: note: passing argument to parameter 'fmt' here
  243 |         register char   *fmt,
      |                          ^
/home/hatch/workspace/qaonic_os/kernel/mi-overrides/kern/printf.c:620:10: warning: passing 'const char *' to parameter of type 'char *' discards qualifiers [-Wincompatible-pointer-types-discards-qualifiers]
  620 |         _doprnt(fmt, &listp, cnputc, 16, 0);
      |                 ^~~
/home/hatch/workspace/qaonic_os/kernel/mi-overrides/kern/printf.c:243:17: note: passing argument to parameter 'fmt' here
  243 |         register char   *fmt,
      |                          ^
/home/hatch/workspace/qaonic_os/kernel/mi-overrides/kern/printf.c:647:10: warning: passing 'const char *' to parameter of type 'char *' discards qualifiers [-Wincompatible-pointer-types-discards-qualifiers]
  647 |         _doprnt(fmt, &listp, sputc, 16, (vm_offset_t)&buf);
      |                 ^~~
/home/hatch/workspace/qaonic_os/kernel/mi-overrides/kern/printf.c:243:17: note: passing argument to parameter 'fmt' here
  243 |         register char   *fmt,
      |                          ^
4 warnings generated.
In file included from /home/hatch/workspace/mach3-src/kernel/kern/priority.c:110:
In file included from /home/hatch/workspace/mach3-src/kernel/kern/thread.h:237:
/home/hatch/workspace/mach3-src/kernel/kern/ast.h:103:9: warning: 'AST_TERMINATE' macro redefined [-Wmacro-redefined]
  103 | #define AST_TERMINATE   0x2
      |         ^
/home/hatch/workspace/qaonic_os/kernel/build/inc/machine/ast.h:12:9: note: previous definition is here
   12 | #define AST_TERMINATE   2
      |         ^
1 warning generated.
In file included from /home/hatch/workspace/mach3-src/kernel/kern/processor.c:182:
In file included from /home/hatch/workspace/mach3-src/kernel/kern/thread.h:237:
/home/hatch/workspace/mach3-src/kernel/kern/ast.h:103:9: warning: 'AST_TERMINATE' macro redefined [-Wmacro-redefined]
  103 | #define AST_TERMINATE   0x2
      |         ^
/home/hatch/workspace/qaonic_os/kernel/build/inc/machine/ast.h:12:9: note: previous definition is here
   12 | #define AST_TERMINATE   2
      |         ^
1 warning generated.
In file included from /home/hatch/workspace/mach3-src/kernel/kern/sched_prim.c:308:
/home/hatch/workspace/mach3-src/kernel/kern/ast.h:103:9: warning: 'AST_TERMINATE' macro redefined [-Wmacro-redefined]
  103 | #define AST_TERMINATE   0x2
      |         ^
/home/hatch/workspace/qaonic_os/kernel/build/inc/machine/ast.h:12:9: note: previous definition is here
   12 | #define AST_TERMINATE   2
      |         ^
/home/hatch/workspace/mach3-src/kernel/kern/sched_prim.c:2239:22: warning: using the result of an assignment as a condition without parentheses [-Wparentheses]
 2239 |                 if (restart_needed = do_runq_scan(&pset->runq))
      |                     ~~~~~~~~~~~~~~~^~~~~~~~~~~~~~~~~~~~~~~~~~~
/home/hatch/workspace/mach3-src/kernel/kern/sched_prim.c:2239:22: note: place parentheses around the assignment to silence this warning
 2239 |                 if (restart_needed = do_runq_scan(&pset->runq))
      |                                    ^                          
      |                     (                                         )
/home/hatch/workspace/mach3-src/kernel/kern/sched_prim.c:2239:22: note: use '==' to turn this assignment into an equality comparison
 2239 |                 if (restart_needed = do_runq_scan(&pset->runq))
      |                                    ^
      |                                    ==
2 warnings generated.
In file included from /home/hatch/workspace/qaonic_os/kernel/mi-overrides/kern/sscanf.c:46:
In file included from /home/hatch/workspace/mach3-src/kernel/mach/std_types.h:80:
In file included from /home/hatch/workspace/mach3-src/kernel/ipc/ipc_port.h:108:
In file included from /home/hatch/workspace/mach3-src/kernel/ipc/ipc_mqueue.h:69:
In file included from /home/hatch/workspace/mach3-src/kernel/ipc/ipc_thread.h:52:
In file included from /home/hatch/workspace/mach3-src/kernel/kern/thread.h:237:
/home/hatch/workspace/mach3-src/kernel/kern/ast.h:103:9: warning: 'AST_TERMINATE' macro redefined [-Wmacro-redefined]
  103 | #define AST_TERMINATE   0x2
      |         ^
/home/hatch/workspace/qaonic_os/kernel/build/inc/machine/ast.h:12:9: note: previous definition is here
   12 | #define AST_TERMINATE   2
      |         ^
/home/hatch/workspace/qaonic_os/kernel/mi-overrides/kern/sscanf.c:65:15: warning: passing a parameter declared with the 'register' keyword to 'va_start' has undefined behavior [-Wvarargs]
   65 |         va_start(vp, fmt);
      |                      ^
/home/hatch/workspace/qaonic_os/kernel/mi-overrides/kern/sscanf.c:56:32: note: parameter of type 'const unsigned char *' is declared here
   56 |         register const unsigned char    *fmt,
      |                                          ^
/home/hatch/workspace/qaonic_os/kernel/mi-overrides/kern/sscanf.c:67:11: warning: using the result of an assignment as a condition without parentheses [-Wparentheses]
   67 |         while (c = *fmt++) {
      |                ~~^~~~~~~~
/home/hatch/workspace/qaonic_os/kernel/mi-overrides/kern/sscanf.c:67:11: note: place parentheses around the assignment to silence this warning
   67 |         while (c = *fmt++) {
      |                  ^       
      |                (         )
/home/hatch/workspace/qaonic_os/kernel/mi-overrides/kern/sscanf.c:67:11: note: use '==' to turn this assignment into an equality comparison
   67 |         while (c = *fmt++) {
      |                  ^
      |                  ==
3 warnings generated.
In file included from /home/hatch/workspace/mach3-src/kernel/kern/startup.c:193:
In file included from /home/hatch/workspace/mach3-src/kernel/kern/thread.h:237:
/home/hatch/workspace/mach3-src/kernel/kern/ast.h:103:9: warning: 'AST_TERMINATE' macro redefined [-Wmacro-redefined]
  103 | #define AST_TERMINATE   0x2
      |         ^
/home/hatch/workspace/qaonic_os/kernel/build/inc/machine/ast.h:12:9: note: previous definition is here
   12 | #define AST_TERMINATE   2
      |         ^
1 warning generated.
In file included from /home/hatch/workspace/mach3-src/kernel/kern/syscall_subr.c:134:
In file included from /home/hatch/workspace/mach3-src/kernel/ipc/ipc_port.h:108:
In file included from /home/hatch/workspace/mach3-src/kernel/ipc/ipc_mqueue.h:69:
In file included from /home/hatch/workspace/mach3-src/kernel/ipc/ipc_thread.h:52:
In file included from /home/hatch/workspace/mach3-src/kernel/kern/thread.h:237:
/home/hatch/workspace/mach3-src/kernel/kern/ast.h:103:9: warning: 'AST_TERMINATE' macro redefined [-Wmacro-redefined]
  103 | #define AST_TERMINATE   0x2
      |         ^
/home/hatch/workspace/qaonic_os/kernel/build/inc/machine/ast.h:12:9: note: previous definition is here
   12 | #define AST_TERMINATE   2
      |         ^
1 warning generated.
In file included from /home/hatch/workspace/mach3-src/kernel/kern/syscall_sw.c:193:
In file included from /home/hatch/workspace/mach3-src/kernel/chips/nw_mk.h:41:
In file included from /home/hatch/workspace/mach3-src/kernel/kern/thread.h:237:
/home/hatch/workspace/mach3-src/kernel/kern/ast.h:103:9: warning: 'AST_TERMINATE' macro redefined [-Wmacro-redefined]
  103 | #define AST_TERMINATE   0x2
      |         ^
/home/hatch/workspace/qaonic_os/kernel/build/inc/machine/ast.h:12:9: note: previous definition is here
   12 | #define AST_TERMINATE   2
      |         ^
1 warning generated.
In file included from /home/hatch/workspace/mach3-src/kernel/kern/task.c:350:
In file included from /home/hatch/workspace/mach3-src/kernel/ipc/ipc_space.h:72:
In file included from /home/hatch/workspace/mach3-src/kernel/ipc/ipc_entry.h:66:
In file included from /home/hatch/workspace/mach3-src/kernel/ipc/ipc_port.h:108:
In file included from /home/hatch/workspace/mach3-src/kernel/ipc/ipc_mqueue.h:69:
In file included from /home/hatch/workspace/mach3-src/kernel/ipc/ipc_thread.h:52:
In file included from /home/hatch/workspace/mach3-src/kernel/kern/thread.h:237:
/home/hatch/workspace/mach3-src/kernel/kern/ast.h:103:9: warning: 'AST_TERMINATE' macro redefined [-Wmacro-redefined]
  103 | #define AST_TERMINATE   0x2
      |         ^
/home/hatch/workspace/qaonic_os/kernel/build/inc/machine/ast.h:12:9: note: previous definition is here
   12 | #define AST_TERMINATE   2
      |         ^
1 warning generated.
In file included from /home/hatch/workspace/mach3-src/kernel/kern/thread.c:486:
In file included from /home/hatch/workspace/mach3-src/kernel/mach/std_types.h:80:
In file included from /home/hatch/workspace/mach3-src/kernel/ipc/ipc_port.h:108:
In file included from /home/hatch/workspace/mach3-src/kernel/ipc/ipc_mqueue.h:69:
In file included from /home/hatch/workspace/mach3-src/kernel/ipc/ipc_thread.h:52:
In file included from /home/hatch/workspace/mach3-src/kernel/kern/thread.h:237:
/home/hatch/workspace/mach3-src/kernel/kern/ast.h:103:9: warning: 'AST_TERMINATE' macro redefined [-Wmacro-redefined]
  103 | #define AST_TERMINATE   0x2
      |         ^
/home/hatch/workspace/qaonic_os/kernel/build/inc/machine/ast.h:12:9: note: previous definition is here
   12 | #define AST_TERMINATE   2
      |         ^
/home/hatch/workspace/mach3-src/kernel/kern/thread.c:2318:21: warning: & has lower precedence than ==; == will be evaluated first [-Wparentheses]
 2318 |         if (thread->policy & new_pset->policies == 0) {
      |                            ^~~~~~~~~~~~~~~~~~~~~~~~~
/home/hatch/workspace/mach3-src/kernel/kern/thread.c:2318:21: note: place parentheses around the '==' expression to silence this warning
 2318 |         if (thread->policy & new_pset->policies == 0) {
      |                            ^                        
      |                              (                      )
/home/hatch/workspace/mach3-src/kernel/kern/thread.c:2318:21: note: place parentheses around the & expression to evaluate it first
 2318 |         if (thread->policy & new_pset->policies == 0) {
      |                            ^
      |             (                                  )
2 warnings generated.
In file included from /home/hatch/workspace/mach3-src/kernel/kern/thread_swap.c:186:
In file included from /home/hatch/workspace/mach3-src/kernel/kern/thread.h:237:
/home/hatch/workspace/mach3-src/kernel/kern/ast.h:103:9: warning: 'AST_TERMINATE' macro redefined [-Wmacro-redefined]
  103 | #define AST_TERMINATE   0x2
      |         ^
/home/hatch/workspace/qaonic_os/kernel/build/inc/machine/ast.h:12:9: note: previous definition is here
   12 | #define AST_TERMINATE   2
      |         ^
1 warning generated.
In file included from /home/hatch/workspace/mach3-src/kernel/kern/time_stamp.c:61:
In file included from /home/hatch/workspace/mach3-src/kernel/mach/std_types.h:80:
In file included from /home/hatch/workspace/mach3-src/kernel/ipc/ipc_port.h:108:
In file included from /home/hatch/workspace/mach3-src/kernel/ipc/ipc_mqueue.h:69:
In file included from /home/hatch/workspace/mach3-src/kernel/ipc/ipc_thread.h:52:
In file included from /home/hatch/workspace/mach3-src/kernel/kern/thread.h:237:
/home/hatch/workspace/mach3-src/kernel/kern/ast.h:103:9: warning: 'AST_TERMINATE' macro redefined [-Wmacro-redefined]
  103 | #define AST_TERMINATE   0x2
      |         ^
/home/hatch/workspace/qaonic_os/kernel/build/inc/machine/ast.h:12:9: note: previous definition is here
   12 | #define AST_TERMINATE   2
      |         ^
1 warning generated.
In file included from /home/hatch/workspace/mach3-src/kernel/kern/timer.c:125:
In file included from /home/hatch/workspace/mach3-src/kernel/kern/thread.h:237:
/home/hatch/workspace/mach3-src/kernel/kern/ast.h:103:9: warning: 'AST_TERMINATE' macro redefined [-Wmacro-redefined]
  103 | #define AST_TERMINATE   0x2
      |         ^
/home/hatch/workspace/qaonic_os/kernel/build/inc/machine/ast.h:12:9: note: previous definition is here
   12 | #define AST_TERMINATE   2
      |         ^
1 warning generated.
In file included from /home/hatch/workspace/mach3-src/kernel/vm/memory_object.c:302:
In file included from /home/hatch/workspace/mach3-src/kernel/mach/std_types.h:80:
In file included from /home/hatch/workspace/mach3-src/kernel/ipc/ipc_port.h:108:
In file included from /home/hatch/workspace/mach3-src/kernel/ipc/ipc_mqueue.h:69:
In file included from /home/hatch/workspace/mach3-src/kernel/ipc/ipc_thread.h:52:
In file included from /home/hatch/workspace/mach3-src/kernel/kern/thread.h:237:
/home/hatch/workspace/mach3-src/kernel/kern/ast.h:103:9: warning: 'AST_TERMINATE' macro redefined [-Wmacro-redefined]
  103 | #define AST_TERMINATE   0x2
      |         ^
/home/hatch/workspace/qaonic_os/kernel/build/inc/machine/ast.h:12:9: note: previous definition is here
   12 | #define AST_TERMINATE   2
      |         ^
1 warning generated.
In file included from /home/hatch/workspace/mach3-src/kernel/vm/vm_fault.c:245:
In file included from /home/hatch/workspace/mach3-src/kernel/kern/thread.h:237:
/home/hatch/workspace/mach3-src/kernel/kern/ast.h:103:9: warning: 'AST_TERMINATE' macro redefined [-Wmacro-redefined]
  103 | #define AST_TERMINATE   0x2
      |         ^
/home/hatch/workspace/qaonic_os/kernel/build/inc/machine/ast.h:12:9: note: previous definition is here
   12 | #define AST_TERMINATE   2
      |         ^
1 warning generated.
In file included from /home/hatch/workspace/qaonic_os/kernel/mi-overrides/vm/vm_kern.c:201:
In file included from /home/hatch/workspace/mach3-src/kernel/kern/thread.h:237:
/home/hatch/workspace/mach3-src/kernel/kern/ast.h:103:9: warning: 'AST_TERMINATE' macro redefined [-Wmacro-redefined]
  103 | #define AST_TERMINATE   0x2
      |         ^
/home/hatch/workspace/qaonic_os/kernel/build/inc/machine/ast.h:12:9: note: previous definition is here
   12 | #define AST_TERMINATE   2
      |         ^
1 warning generated.
In file included from /home/hatch/workspace/mach3-src/kernel/vm/vm_map.c:513:
In file included from /home/hatch/workspace/mach3-src/kernel/ipc/ipc_port.h:108:
In file included from /home/hatch/workspace/mach3-src/kernel/ipc/ipc_mqueue.h:69:
In file included from /home/hatch/workspace/mach3-src/kernel/ipc/ipc_thread.h:52:
In file included from /home/hatch/workspace/mach3-src/kernel/kern/thread.h:237:
/home/hatch/workspace/mach3-src/kernel/kern/ast.h:103:9: warning: 'AST_TERMINATE' macro redefined [-Wmacro-redefined]
  103 | #define AST_TERMINATE   0x2
      |         ^
/home/hatch/workspace/qaonic_os/kernel/build/inc/machine/ast.h:12:9: note: previous definition is here
   12 | #define AST_TERMINATE   2
      |         ^
/home/hatch/workspace/mach3-src/kernel/vm/vm_map.c:4907:13: warning: using the result of an assignment as a condition without parentheses [-Wparentheses]
 4907 |         if (*wired = (entry->wired_count != 0))
      |             ~~~~~~~^~~~~~~~~~~~~~~~~~~~~~~~~~~
/home/hatch/workspace/mach3-src/kernel/vm/vm_map.c:4907:13: note: place parentheses around the assignment to silence this warning
 4907 |         if (*wired = (entry->wired_count != 0))
      |                    ^                          
      |             (                                 )
/home/hatch/workspace/mach3-src/kernel/vm/vm_map.c:4907:13: note: use '==' to turn this assignment into an equality comparison
 4907 |         if (*wired = (entry->wired_count != 0))
      |                    ^
      |                    ==
2 warnings generated.
In file included from /home/hatch/workspace/mach3-src/kernel/vm/vm_object.c:387:
In file included from /home/hatch/workspace/qaonic_os/kernel/build/gen/mach/memory_object_default.h:15:
In file included from /home/hatch/workspace/mach3-src/kernel/mach/mach_types.h:170:
In file included from /home/hatch/workspace/mach3-src/kernel/kern/thread.h:237:
/home/hatch/workspace/mach3-src/kernel/kern/ast.h:103:9: warning: 'AST_TERMINATE' macro redefined [-Wmacro-redefined]
  103 | #define AST_TERMINATE   0x2
      |         ^
/home/hatch/workspace/qaonic_os/kernel/build/inc/machine/ast.h:12:9: note: previous definition is here
   12 | #define AST_TERMINATE   2
      |         ^
1 warning generated.
In file included from /home/hatch/workspace/mach3-src/kernel/vm/vm_pageout.c:252:
In file included from /home/hatch/workspace/mach3-src/kernel/mach/mach_types.h:170:
In file included from /home/hatch/workspace/mach3-src/kernel/kern/thread.h:237:
/home/hatch/workspace/mach3-src/kernel/kern/ast.h:103:9: warning: 'AST_TERMINATE' macro redefined [-Wmacro-redefined]
  103 | #define AST_TERMINATE   0x2
      |         ^
/home/hatch/workspace/qaonic_os/kernel/build/inc/machine/ast.h:12:9: note: previous definition is here
   12 | #define AST_TERMINATE   2
      |         ^
1 warning generated.
In file included from /home/hatch/workspace/mach3-src/kernel/vm/vm_resident.c:266:
In file included from /home/hatch/workspace/mach3-src/kernel/kern/thread.h:237:
/home/hatch/workspace/mach3-src/kernel/kern/ast.h:103:9: warning: 'AST_TERMINATE' macro redefined [-Wmacro-redefined]
  103 | #define AST_TERMINATE   0x2
      |         ^
/home/hatch/workspace/qaonic_os/kernel/build/inc/machine/ast.h:12:9: note: previous definition is here
   12 | #define AST_TERMINATE   2
      |         ^
1 warning generated.
In file included from /home/hatch/workspace/mach3-src/kernel/vm/vm_user.c:175:
In file included from /home/hatch/workspace/mach3-src/kernel/mach/mach_types.h:170:
In file included from /home/hatch/workspace/mach3-src/kernel/kern/thread.h:237:
/home/hatch/workspace/mach3-src/kernel/kern/ast.h:103:9: warning: 'AST_TERMINATE' macro redefined [-Wmacro-redefined]
  103 | #define AST_TERMINATE   0x2
      |         ^
/home/hatch/workspace/qaonic_os/kernel/build/inc/machine/ast.h:12:9: note: previous definition is here
   12 | #define AST_TERMINATE   2
      |         ^
1 warning generated.
