CC md/aeabi.c
CC md/arm_init.c
In file included from /home/hatch/workspace/qaonic_os/kernel/kernel/arm/arm_init.c:11:
/home/hatch/workspace/qaonic_os/kernel/build/inc/machine/machine_routines.h:21:30: warning: declaration of 'struct timeval' will not be visible outside of this function [-Wvisibility]
   21 | extern void     microtime(struct timeval *tv);
      |                                  ^
1 warning generated.
CC md/blk.c
CC md/clock.c
CC md/db_stubs.c
CC md/devices.c
In file included from /home/hatch/workspace/qaonic_os/kernel/kernel/arm/devices.c:8:
In file included from /home/hatch/workspace/mach3-src/kernel/device/device_types.h:87:
In file included from /home/hatch/workspace/mach3-src/kernel/mach/std_types.h:80:
In file included from /home/hatch/workspace/mach3-src/kernel/ipc/ipc_port.h:108:
In file included from /home/hatch/workspace/mach3-src/kernel/ipc/ipc_mqueue.h:69:
In file included from /home/hatch/workspace/mach3-src/kernel/ipc/ipc_thread.h:52:
In file included from /home/hatch/workspace/mach3-src/kernel/kern/thread.h:237:
/home/hatch/workspace/mach3-src/kernel/kern/ast.h:103:9: warning: 'AST_TERMINATE' macro redefined [-Wmacro-redefined]
  103 | #define AST_TERMINATE   0x2
      |         ^
/home/hatch/workspace/qaonic_os/kernel/build/inc/machine/ast.h:12:9: note: previous definition is here
   12 | #define AST_TERMINATE   2
      |         ^
1 warning generated.
CC md/fpu.c
/home/hatch/workspace/qaonic_os/kernel/kernel/arm/fpu.c:23:4: warning: since v7, cp10 and cp11 are reserved for advanced SIMD or floating point instructions [-Winline-asm]
   23 |                 "mcr p10, 7, %0, c8, c0, 0"
      |                  ^
<inline asm>:3:1: note: instantiated into assembly here
    3 | mcr p10, 7, r0, c8, c0, 0
      | ^
1 warning generated.
CC md/gic.c
CC md/ipc_test.c
In file included from /home/hatch/workspace/qaonic_os/kernel/kernel/arm/ipc_test.c:28:
In file included from /home/hatch/workspace/mach3-src/kernel/kern/thread.h:237:
/home/hatch/workspace/mach3-src/kernel/kern/ast.h:103:9: warning: 'AST_TERMINATE' macro redefined [-Wmacro-redefined]
  103 | #define AST_TERMINATE   0x2
      |         ^
/home/hatch/workspace/qaonic_os/kernel/build/inc/machine/ast.h:12:9: note: previous definition is here
   12 | #define AST_TERMINATE   2
      |         ^
1 warning generated.
CC md/machdep.c
In file included from /home/hatch/workspace/qaonic_os/kernel/kernel/arm/machdep.c:5:
/home/hatch/workspace/qaonic_os/kernel/build/inc/machine/machine_routines.h:21:30: warning: declaration of 'struct timeval' will not be visible outside of this function [-Wvisibility]
   21 | extern void     microtime(struct timeval *tv);
      |                                  ^
1 warning generated.
CC md/mig_stubs.c
In file included from /home/hatch/workspace/qaonic_os/kernel/kernel/arm/mig_stubs.c:155:
In file included from /home/hatch/workspace/qaonic_os/kernel/build/gen/device/device_reply.h:13:
In file included from /home/hatch/workspace/mach3-src/kernel/mach/mach_types.h:170:
In file included from /home/hatch/workspace/mach3-src/kernel/kern/thread.h:237:
/home/hatch/workspace/mach3-src/kernel/kern/ast.h:103:9: warning: 'AST_TERMINATE' macro redefined [-Wmacro-redefined]
  103 | #define AST_TERMINATE   0x2
      |         ^
/home/hatch/workspace/qaonic_os/kernel/build/inc/machine/ast.h:12:9: note: previous definition is here
   12 | #define AST_TERMINATE   2
      |         ^
1 warning generated.
CC md/pcb.c
In file included from /home/hatch/workspace/qaonic_os/kernel/kernel/arm/pcb.c:13:
In file included from /home/hatch/workspace/mach3-src/kernel/kern/thread.h:237:
/home/hatch/workspace/mach3-src/kernel/kern/ast.h:103:9: warning: 'AST_TERMINATE' macro redefined [-Wmacro-redefined]
  103 | #define AST_TERMINATE   0x2
      |         ^
/home/hatch/workspace/qaonic_os/kernel/build/inc/machine/ast.h:12:9: note: previous definition is here
   12 | #define AST_TERMINATE   2
      |         ^
1 warning generated.
CC md/pmap.c
CC md/sched_test.c
In file included from /home/hatch/workspace/qaonic_os/kernel/kernel/arm/sched_test.c:16:
In file included from /home/hatch/workspace/mach3-src/kernel/kern/thread.h:237:
/home/hatch/workspace/mach3-src/kernel/kern/ast.h:103:9: warning: 'AST_TERMINATE' macro redefined [-Wmacro-redefined]
  103 | #define AST_TERMINATE   0x2
      |         ^
/home/hatch/workspace/qaonic_os/kernel/build/inc/machine/ast.h:12:9: note: previous definition is here
   12 | #define AST_TERMINATE   2
      |         ^
1 warning generated.
CC md/trap.c
In file included from /home/hatch/workspace/qaonic_os/kernel/kernel/arm/trap.c:13:
/home/hatch/workspace/qaonic_os/kernel/build/inc/machine/machine_routines.h:21:30: warning: declaration of 'struct timeval' will not be visible outside of this function [-Wvisibility]
   21 | extern void     microtime(struct timeval *tv);
      |                                  ^
1 warning generated.
CC md/uart.c
CC md/user.c
In file included from /home/hatch/workspace/qaonic_os/kernel/kernel/arm/user.c:24:
In file included from /home/hatch/workspace/mach3-src/kernel/kern/thread.h:237:
/home/hatch/workspace/mach3-src/kernel/kern/ast.h:103:9: warning: 'AST_TERMINATE' macro redefined [-Wmacro-redefined]
  103 | #define AST_TERMINATE   0x2
      |         ^
/home/hatch/workspace/qaonic_os/kernel/build/inc/machine/ast.h:12:9: note: previous definition is here
   12 | #define AST_TERMINATE   2
      |         ^
1 warning generated.
AS md/context.s
AS md/copy.s
AS md/locore.s
AS md/uprog.s
AS md/userasm.s
